[2026-08-13T06:02:10.812+0000] {manager.py:470} INFO - Processing files using up to 2 processes at a time 
[2026-08-13T06:02:10.818+0000] {manager.py:471} INFO - Process each file at most once every 30 seconds
[2026-08-13T06:02:10.821+0000] {manager.py:472} INFO - Checking for new files in /opt/airflow/dags every 300 seconds
[2026-08-13T06:02:10.825+0000] {manager.py:737} INFO - Searching for files in /opt/airflow/dags
[2026-08-13T06:02:10.890+0000] {manager.py:740} INFO - There are 1 files in /opt/airflow/dags
[2026-08-13T06:02:11.327+0000] {manager.py:878} INFO - 
================================================================================
DAG File Processing Stats

File Path                                  PID  Runtime      # DAGs    # Errors  Last Runtime    Last Run
---------------------------------------  -----  ---------  --------  ----------  --------------  ----------
/opt/airflow/dags/mock_data_pipeline.py    169  0.22s             0           0
================================================================================
[2026-08-13T06:02:41.545+0000] {manager.py:878} INFO - 
================================================================================
DAG File Processing Stats

File Path                                PID    Runtime      # DAGs    # Errors  Last Runtime    Last Run
---------------------------------------  -----  ---------  --------  ----------  --------------  -------------------
/opt/airflow/dags/mock_data_pipeline.py                           1           0  0.74s           2026-08-13T06:02:11
================================================================================
[2026-08-13T06:03:11.948+0000] {manager.py:878} INFO - 
================================================================================
DAG File Processing Stats

File Path                                PID    Runtime      # DAGs    # Errors  Last Runtime    Last Run
---------------------------------------  -----  ---------  --------  ----------  --------------  -------------------
/opt/airflow/dags/mock_data_pipeline.py                           1           0  1.69s           2026-08-13T06:02:43
================================================================================
[2026-08-13T06:03:42.356+0000] {manager.py:878} INFO - 
================================================================================
DAG File Processing Stats

File Path                                PID    Runtime      # DAGs    # Errors  Last Runtime    Last Run
---------------------------------------  -----  ---------  --------  ----------  --------------  -------------------
/opt/airflow/dags/mock_data_pipeline.py                           1           0  0.34s           2026-08-13T06:03:14
================================================================================
[2026-08-13T06:04:12.381+0000] {manager.py:878} INFO - 
================================================================================
DAG File Processing Stats

File Path                                PID    Runtime      # DAGs    # Errors  Last Runtime    Last Run
---------------------------------------  -----  ---------  --------  ----------  --------------  -------------------
/opt/airflow/dags/mock_data_pipeline.py                           1           0  0.69s           2026-08-13T06:03:45
================================================================================
[2026-08-13T06:04:42.424+0000] {manager.py:878} INFO - 
================================================================================
DAG File Processing Stats

File Path                                PID    Runtime      # DAGs    # Errors  Last Runtime    Last Run
---------------------------------------  -----  ---------  --------  ----------  --------------  -------------------
/opt/airflow/dags/mock_data_pipeline.py                           1           0  0.74s           2026-08-13T06:04:16
================================================================================
[2026-08-13T06:05:12.755+0000] {manager.py:878} INFO - 
================================================================================
DAG File Processing Stats

File Path                                PID    Runtime      # DAGs    # Errors  Last Runtime    Last Run
---------------------------------------  -----  ---------  --------  ----------  --------------  -------------------
/opt/airflow/dags/mock_data_pipeline.py                           1           0  0.56s           2026-08-13T06:04:47
================================================================================
[2026-08-13T06:05:43.055+0000] {manager.py:878} INFO - 
================================================================================
DAG File Processing Stats

File Path                                PID    Runtime      # DAGs    # Errors  Last Runtime    Last Run
---------------------------------------  -----  ---------  --------  ----------  --------------  -------------------
/opt/airflow/dags/mock_data_pipeline.py                           1           0  0.60s           2026-08-13T06:05:17
================================================================================
[2026-08-13T06:06:13.476+0000] {manager.py:878} INFO - 
================================================================================
DAG File Processing Stats

File Path                                PID    Runtime      # DAGs    # Errors  Last Runtime    Last Run
---------------------------------------  -----  ---------  --------  ----------  --------------  -------------------
/opt/airflow/dags/mock_data_pipeline.py                           1           0  0.60s           2026-08-13T06:05:48
================================================================================
[2026-08-13T06:06:43.778+0000] {manager.py:878} INFO - 
================================================================================
DAG File Processing Stats

File Path                                PID    Runtime      # DAGs    # Errors  Last Runtime    Last Run
---------------------------------------  -----  ---------  --------  ----------  --------------  -------------------
/opt/airflow/dags/mock_data_pipeline.py                           1           0  0.59s           2026-08-13T06:06:19
================================================================================
[2026-08-13T06:07:11.113+0000] {manager.py:737} INFO - Searching for files in /opt/airflow/dags
[2026-08-13T06:07:11.212+0000] {manager.py:740} INFO - There are 1 files in /opt/airflow/dags
[2026-08-13T06:07:14.280+0000] {manager.py:878} INFO - 
================================================================================
DAG File Processing Stats

File Path                                PID    Runtime      # DAGs    # Errors  Last Runtime    Last Run
---------------------------------------  -----  ---------  --------  ----------  --------------  -------------------
/opt/airflow/dags/mock_data_pipeline.py                           1           0  0.23s           2026-08-13T06:06:50
================================================================================
[2026-08-13T06:07:44.693+0000] {manager.py:878} INFO - 
================================================================================
DAG File Processing Stats

File Path                                PID    Runtime      # DAGs    # Errors  Last Runtime    Last Run
---------------------------------------  -----  ---------  --------  ----------  --------------  -------------------
/opt/airflow/dags/mock_data_pipeline.py                           1           0  0.39s           2026-08-13T06:07:20
================================================================================
[2026-08-13T06:08:15.302+0000] {manager.py:878} INFO - 
================================================================================
DAG File Processing Stats

File Path                                PID    Runtime      # DAGs    # Errors  Last Runtime    Last Run
---------------------------------------  -----  ---------  --------  ----------  --------------  -------------------
/opt/airflow/dags/mock_data_pipeline.py                           1           0  0.35s           2026-08-13T06:07:51
================================================================================
[2026-08-13T06:08:45.489+0000] {manager.py:878} INFO - 
================================================================================
DAG File Processing Stats

File Path                                PID    Runtime      # DAGs    # Errors  Last Runtime    Last Run
---------------------------------------  -----  ---------  --------  ----------  --------------  -------------------
/opt/airflow/dags/mock_data_pipeline.py                           1           0  0.53s           2026-08-13T06:08:22
================================================================================
[2026-08-13T06:09:15.803+0000] {manager.py:878} INFO - 
================================================================================
DAG File Processing Stats

File Path                                PID    Runtime      # DAGs    # Errors  Last Runtime    Last Run
---------------------------------------  -----  ---------  --------  ----------  --------------  -------------------
/opt/airflow/dags/mock_data_pipeline.py                           1           0  0.37s           2026-08-13T06:08:52
================================================================================
[2026-08-13T06:09:46.473+0000] {manager.py:878} INFO - 
================================================================================
DAG File Processing Stats

File Path                                PID    Runtime      # DAGs    # Errors  Last Runtime    Last Run
---------------------------------------  -----  ---------  --------  ----------  --------------  -------------------
/opt/airflow/dags/mock_data_pipeline.py                           1           0  0.26s           2026-08-13T06:09:23
================================================================================
