[2026-08-13T06:07:01.237+0000] {local_task_job_runner.py:120} INFO - ::group::Pre task execution logs
[2026-08-13T06:07:01.321+0000] {taskinstance.py:2076} INFO - Dependencies all met for dep_context=non-requeueable deps ti=<TaskInstance: cognistream_data_ingestion.generate_mock_events manual__2026-08-13T06:06:59.626353+00:00 [queued]>
[2026-08-13T06:07:01.340+0000] {taskinstance.py:2076} INFO - Dependencies all met for dep_context=requeueable deps ti=<TaskInstance: cognistream_data_ingestion.generate_mock_events manual__2026-08-13T06:06:59.626353+00:00 [queued]>
[2026-08-13T06:07:01.343+0000] {taskinstance.py:2306} INFO - Starting attempt 1 of 2
[2026-08-13T06:07:01.380+0000] {taskinstance.py:2330} INFO - Executing <Task(PythonOperator): generate_mock_events> on 2026-08-13 06:06:59.626353+00:00
[2026-08-13T06:07:01.419+0000] {logging_mixin.py:188} WARNING - /home/***/.local/lib/python3.12/site-packages/***/task/task_runner/standard_task_runner.py:62 DeprecationWarning: This process (pid=221) is multi-threaded, use of fork() may lead to deadlocks in the child.
[2026-08-13T06:07:01.424+0000] {standard_task_runner.py:64} INFO - Started process 222 to run task
[2026-08-13T06:07:01.422+0000] {standard_task_runner.py:90} INFO - Running: ['***', 'tasks', 'run', 'cognistream_data_ingestion', 'generate_mock_events', 'manual__2026-08-13T06:06:59.626353+00:00', '--job-id', '3', '--raw', '--subdir', 'DAGS_FOLDER/mock_data_pipeline.py', '--cfg-path', '/tmp/tmpfphu9zv1']
[2026-08-13T06:07:01.433+0000] {standard_task_runner.py:91} INFO - Job 3: Subtask generate_mock_events
[2026-08-13T06:07:01.755+0000] {task_command.py:426} INFO - Running <TaskInstance: cognistream_data_ingestion.generate_mock_events manual__2026-08-13T06:06:59.626353+00:00 [running]> on host de1927b4860f
[2026-08-13T06:07:02.085+0000] {taskinstance.py:2648} INFO - Exporting env vars: AIRFLOW_CTX_DAG_OWNER='sayam' AIRFLOW_CTX_DAG_ID='cognistream_data_ingestion' AIRFLOW_CTX_TASK_ID='generate_mock_events' AIRFLOW_CTX_EXECUTION_DATE='2026-08-13T06:06:59.626353+00:00' AIRFLOW_CTX_TRY_NUMBER='1' AIRFLOW_CTX_DAG_RUN_ID='manual__2026-08-13T06:06:59.626353+00:00'
[2026-08-13T06:07:02.091+0000] {taskinstance.py:430} INFO - ::endgroup::
[2026-08-13T06:07:02.148+0000] {logging_mixin.py:188} INFO - Generated vscode_events.json: 66 events across 5 days
[2026-08-13T06:07:02.151+0000] {logging_mixin.py:188} INFO - Generated slack_events.json: 125 events across 5 days
[2026-08-13T06:07:02.153+0000] {logging_mixin.py:188} INFO - Generated github_events.json: 40 events across 5 days
[2026-08-13T06:07:02.155+0000] {logging_mixin.py:188} INFO - Generated jira_events.json: 25 events across 5 days
[2026-08-13T06:07:02.157+0000] {python.py:237} INFO - Done. Returned value was: None
[2026-08-13T06:07:02.158+0000] {taskinstance.py:441} INFO - ::group::Post task execution logs
[2026-08-13T06:07:02.174+0000] {taskinstance.py:1206} INFO - Marking task as SUCCESS. dag_id=cognistream_data_ingestion, task_id=generate_mock_events, run_id=manual__2026-08-13T06:06:59.626353+00:00, execution_date=20260813T060659, start_date=20260813T060701, end_date=20260813T060702
[2026-08-13T06:07:02.209+0000] {local_task_job_runner.py:243} INFO - Task exited with return code 0
[2026-08-13T06:07:02.250+0000] {taskinstance.py:3503} INFO - 0 downstream tasks scheduled from follow-on schedule check
[2026-08-13T06:07:02.256+0000] {local_task_job_runner.py:222} INFO - ::endgroup::
